// Jest Snapshot v1, https://goo.gl/fbAQLP

exports[`Button Test matches snapshot 1`] = `
<styled.button
  onClick={[Function]}
>
  button
</styled.button>
`;
