// Jest Snapshot v1, https://goo.gl/fbAQLP

exports[`TextInput Test matches snapshot 1`] = `
<styled.input
  autoComplete="off"
  onChange={[MockFunction]}
/>
`;
